// Vitest Snapshot v1, https://vitest.dev/guide/snapshot.html

exports[`comment thread snapshots > captures unresolved and resolved threads 1`] = `
{
  "resolved": {
    "comments": [
      "Needs changes",
      "Please update",
    ],
    "id": 1,
    "resolution": "Fixed in latest commit",
    "resolved": true,
  },
  "unresolved": {
    "comments": [
      "Needs changes",
      "Please update",
    ],
    "id": 1,
    "resolved": false,
  },
}
`;

exports[`diff snapshots > captures large diff 1`] = `
"  line 0
  line 1
  line 2
  line 3
  line 4
  line 5
  line 6
  line 7
  line 8
  line 9
- line 10
+ line 10 modified
  line 11
  line 12
  line 13
  line 14
  line 15
  line 16
  line 17
  line 18
  line 19"
`;

exports[`diff snapshots > captures small diff 1`] = `
"  alpha
- beta
+ beta changed
  gamma"
`;

exports[`whitespace options > captures diffs with and without whitespace ignored 1`] = `
{
  "diffDefault": "  a
- b
+ b  
- c
+  c",
  "diffIgnored": "  a
  b  
   c",
}
`;
